// Vitest Snapshot v1, https://vitest.dev/guide/snapshot.html

exports[`FAQSection > renders default as expected 1`] = `
<div>
  <section
    class="section section-body faq-section !overflow-visible"
  >
    <div
      class="section-heading__title-container flex justify-between items-center gap-space-between mb-6"
    >
      <div
        class="section-heading__content flex-1 flex flex-col gap-2"
      >
        <h2
          class="section-heading__title relative ml-[-0.08em] bluedot-h2"
        >
          Frequently asked questions
        </h2>
      </div>
    </div>
    <div
      class="section__body"
    >
      <details
        class="collapsible max-w-max-width border-b border-color-divider py-4 last:border-b-0 group marker:hidden [&_summary::-webkit-details-marker]:hidden faq-section__item"
      >
        <summary
          class="collapsible__header flex justify-between w-full cursor-pointer py-6 text-left"
        >
          <span
            class="collapsible__title bluedot-h4"
          >
            What is AI Safety?
          </span>
          <span
            class="collapsible__button flex items-center"
          >
            <svg
              class="collapsible__button-icon size-6 transition-transform group-open:rotate-180"
              fill="none"
              stroke="currentColor"
              viewBox="0 0 24 24"
            >
              <path
                d="M19 9l-7 7-7-7"
                stroke-linecap="round"
                stroke-linejoin="round"
                stroke-width="2"
              />
            </svg>
          </span>
        </summary>
        <div
          class="collapsible__content pb-6"
        >
          <p
            class="bluedot-p"
          >
            AI Safety is the field working to ensure powerful AI systems benefit rather than harm humanity. As AI systems become more capable of affecting our world, we need to solve key challenges: How do we make AI systems reliably do what we want? How do we govern their development? How do we define what "beneficial" means?
          </p>
          <p
            class="bluedot-p"
          >
            You can read more about these 
            <a
              class="bluedot-a"
              data-rac=""
              href="https://aisafetyfundamentals.com/blog/what-is-ai-alignment/"
              tabindex="0"
            >
              different aspects of AI safety here
            </a>
             and the 
            <a
              class="bluedot-a"
              data-rac=""
              href="https://aisafetyfundamentals.com/blog/ai-risks/"
              tabindex="0"
            >
              range of AI risks here
            </a>
            .
          </p>
        </div>
      </details>
      <details
        class="collapsible max-w-max-width border-b border-color-divider py-4 last:border-b-0 group marker:hidden [&_summary::-webkit-details-marker]:hidden faq-section__item"
      >
        <summary
          class="collapsible__header flex justify-between w-full cursor-pointer py-6 text-left"
        >
          <span
            class="collapsible__title bluedot-h4"
          >
            How can I maximise my chances of getting accepted onto the courses?
          </span>
          <span
            class="collapsible__button flex items-center"
          >
            <svg
              class="collapsible__button-icon size-6 transition-transform group-open:rotate-180"
              fill="none"
              stroke="currentColor"
              viewBox="0 0 24 24"
            >
              <path
                d="M19 9l-7 7-7-7"
                stroke-linecap="round"
                stroke-linejoin="round"
                stroke-width="2"
              />
            </svg>
          </span>
        </summary>
        <div
          class="collapsible__content pb-6"
        >
          <p
            class="bluedot-p"
          >
            Check you are the 
            <a
              class="bluedot-a"
              data-rac=""
              href="https://bluedot.org/blog/am-i-the-right-fit-for-bluedots-courses/"
              tabindex="0"
            >
              right fit
            </a>
             and read our tips for making a 
            <a
              class="bluedot-a"
              data-rac=""
              href="https://aisafetyfundamentals.com/blog/avoid-governance-application-mistakes/"
              tabindex="0"
            >
              great application.
            </a>
          </p>
        </div>
      </details>
      <details
        class="collapsible max-w-max-width border-b border-color-divider py-4 last:border-b-0 group marker:hidden [&_summary::-webkit-details-marker]:hidden faq-section__item"
      >
        <summary
          class="collapsible__header flex justify-between w-full cursor-pointer py-6 text-left"
        >
          <span
            class="collapsible__title bluedot-h4"
          >
            I’d like to run your course with my work/university/group of friends. Can you help with training and materials?
          </span>
          <span
            class="collapsible__button flex items-center"
          >
            <svg
              class="collapsible__button-icon size-6 transition-transform group-open:rotate-180"
              fill="none"
              stroke="currentColor"
              viewBox="0 0 24 24"
            >
              <path
                d="M19 9l-7 7-7-7"
                stroke-linecap="round"
                stroke-linejoin="round"
                stroke-width="2"
              />
            </svg>
          </span>
        </summary>
        <div
          class="collapsible__content pb-6"
        >
          <p
            class="bluedot-p"
          >
            We’d love for you to do this! All our reading and discussion materials are freely available online. You are welcome to run a local version of our course so long as you 
            <a
              class="bluedot-a"
              data-rac=""
              href="https://bluedot.org/running-versions-of-our-courses/"
              tabindex="0"
            >
              follow our guidelines
            </a>
            .
          </p>
          <p
            class="bluedot-p"
          >
            If you want tips for your discussion facilitation, we recommend taking a look through our 
            <a
              class="bluedot-a"
              data-rac=""
              href="https://course.bluedot.org/home/facilitator-training"
              tabindex="0"
            >
              facilitator training course
            </a>
            .
          </p>
        </div>
      </details>
    </div>
  </section>
</div>
`;
