// Vitest Snapshot v1, https://vitest.dev/guide/snapshot.html

exports[`StorySection > renders default as expected 1`] = `
<div>
  <section
    class="section section-body story-section"
  >
    <div
      class="section-heading__title-container flex justify-between items-center gap-space-between mb-6"
    >
      <div
        class="section-heading__content flex-1 flex flex-col gap-2"
      >
        <h2
          class="section-heading__title relative ml-[-0.08em] bluedot-h2"
        >
          About us
        </h2>
      </div>
    </div>
    <div
      class="section__body"
    >
      <div
        class="story-section__container flex lg:flex-row flex-col gap-space-between"
      >
        <img
          alt="BlueDot Impact team"
          class="story-section__image max-w-[570px] w-full max-h-[365px] rounded-2xl"
          src="/images/culture/About-Us_v1.jpg"
        />
        <div
          class="story-section__text-container flex flex-col gap-5"
        >
          <p
            class="bluedot-p not-prose"
          >
            BlueDot Impact is a non-profit building educational courses to help ensure powerful emerging technologies benefit humanity.
          </p>
          <p
            class="bluedot-p not-prose"
          >
            Since 2021, we have trained over 4,500 professionals worldwide â€“ from technical staff at frontier AI labs to government policymakers. Our alumni work on critical challenges at organisations like Anthropic, DeepMind, and the UK's AI Security Institute.
          </p>
          <p
            class="bluedot-p not-prose"
          >
            Working closely with leading organisations, we rapidly develop new courses to address emerging challenges and help talented people find roles where they can have the greatest impact.
          </p>
          <a
            class="cta-button flex items-center justify-center transition-all duration-200 w-fit whitespace-nowrap cursor-pointer not-prose disabled:opacity-50 disabled:pointer-events-none aria-disabled:opacity-50 aria-disabled:pointer-events-none text-sm px-4 py-3 rounded-sm font-[650] cta-button--secondary bg-transparent border border-bluedot-normal text-bluedot-normal hover:bg-bluedot-lighter"
            href="/about"
            tabindex="0"
          >
            Learn more about us
            <span
              class="cta-button__chevron ml-3"
            >
              <svg
                class="cta-button__chevron-icon size-2"
                fill="currentColor"
                height="1em"
                stroke="currentColor"
                stroke-width="0"
                viewBox="0 0 320 512"
                width="1em"
                xmlns="http://www.w3.org/2000/svg"
              >
                <path
                  d="M310.6 233.4c12.5 12.5 12.5 32.8 0 45.3l-192 192c-12.5 12.5-32.8 12.5-45.3 0s-12.5-32.8 0-45.3L242.7 256 73.4 86.6c-12.5-12.5-12.5-32.8 0-45.3s32.8-12.5 45.3 0l192 192z"
                />
              </svg>
            </span>
          </a>
        </div>
      </div>
    </div>
  </section>
</div>
`;
