// Vitest Snapshot v1, https://vitest.dev/guide/snapshot.html

exports[`JoinUsCta > renders default as expected 1`] = `
<div>
  <div
    class="join-us-cta my-8 lg:mx-16 overflow-hidden"
  >
    <div
      class="join-us-cta__container w-full max-w-max-width lg:container-lined flex flex-col justify-center items-center py-20 bg-[radial-gradient(ellipse_at_30%,_#fff_0,_#6687ff_100%)]"
    >
      <h3
        class="join-us-cta__title max-w-[890px] text-center mb-8"
      >
        Join us in our mission to ensure humanity safely navigates the transition to transformative AI.
      </h3>
      <a
        class="cta-button flex items-center justify-center rounded-radius-sm transition-all duration-200 text-sm px-4 py-3 w-fit font-[650] whitespace-nowrap cta-button--primary bg-bluedot-normal link-on-dark join-us-cta__cta-button"
        data-testid="cta-link"
        href="/careers"
      >
        <span
          class="cta-button__text"
        >
          View our careers
        </span>
        <span
          class="cta-button__chevron ml-3"
        >
          <img
            alt="â†’"
            class="cta-button__chevron-icon size-2"
            src="/icons/chevron_white.svg"
          />
        </span>
      </a>
    </div>
  </div>
</div>
`;
