// Vitest Snapshot v1, https://vitest.dev/guide/snapshot.html

exports[`TeamSection > renders default as expected 1`] = `
<div>
  <div
    class="section mx-16 my-8 max-w-full overflow-hidden team"
  >
    <div
      class="section__title-container ml-4 flex justify-between items-center gap-4"
    >
      <div
        class="section__content flex-1"
      >
        <h2
          class="section__title text-bluedot-normal text-[48px] mb-4 font-serif font-extrabold leading-none relative after:content-[''] after:absolute after:top-1/2 after:translate-y-[-50%] after:ml-8 after:h-[2px] after:bg-bluedot-normal after:w-[100%]"
        >
          Our team
        </h2>
      </div>
    </div>
    <div
      class="section__body"
    >
      <div
        class="team__grid flex flex-row flex-wrap mt-16 max-w-[1400px] mx-auto"
      >
        <div
          class="card flex flex-col items-start transition-transform duration-200 team__card ml-4 mb-12"
        >
          <div
            class="card__image-container max-w-[323px] max-h-[223px] w-full mb-3"
          >
            <img
              alt="Adam Jones"
              class="card__image w-full max-h-full object-cover rounded-2xl team__card-image"
              src="/images/team/adam.jpg"
            />
          </div>
          <div
            class="card__content flex flex-col gap-6 w-full flex-1 justify-between"
          >
            <div
              class="card__text"
            >
              <h2
                class="card__title text-2xl font-semibold text-bluedot-darker mb-1"
              >
                Adam Jones
              </h2>
              <p
                class="card__subtitle text-base text-bluedot-black"
              >
                AI Safety
              </p>
            </div>
            <div
              class="card__cta-row flex items-center justify-between mt-auto"
            >
              <a
                class="cta-button flex items-center justify-center rounded-lg transition-all duration-200 font-semibold text-base px-4 py-2 w-fit cta-button--secondary bg-transparent border border-bluedot-normal text-bluedot-normal hover:bg-bluedot-lighter card__cta"
                data-testid="cta-link"
                href="https://www.linkedin.com/in/domdomegg/"
                rel="noopener noreferrer"
                target="_blank"
              >
                <span
                  class="cta-button__text"
                >
                  LinkedIn
                </span>
              </a>
            </div>
          </div>
        </div>
        <div
          class="card flex flex-col items-start transition-transform duration-200 team__card ml-4 mb-12"
        >
          <div
            class="card__image-container max-w-[323px] max-h-[223px] w-full mb-3"
          >
            <img
              alt="Dewi Erwan"
              class="card__image w-full max-h-full object-cover rounded-2xl team__card-image"
              src="/images/team/dewi.jpg"
            />
          </div>
          <div
            class="card__content flex flex-col gap-6 w-full flex-1 justify-between"
          >
            <div
              class="card__text"
            >
              <h2
                class="card__title text-2xl font-semibold text-bluedot-darker mb-1"
              >
                Dewi Erwan
              </h2>
              <p
                class="card__subtitle text-base text-bluedot-black"
              >
                CEO
              </p>
            </div>
            <div
              class="card__cta-row flex items-center justify-between mt-auto"
            >
              <a
                class="cta-button flex items-center justify-center rounded-lg transition-all duration-200 font-semibold text-base px-4 py-2 w-fit cta-button--secondary bg-transparent border border-bluedot-normal text-bluedot-normal hover:bg-bluedot-lighter card__cta"
                data-testid="cta-link"
                href="https://www.linkedin.com/in/dewierwan/"
                rel="noopener noreferrer"
                target="_blank"
              >
                <span
                  class="cta-button__text"
                >
                  LinkedIn
                </span>
              </a>
            </div>
          </div>
        </div>
        <div
          class="card flex flex-col items-start transition-transform duration-200 team__card ml-4 mb-12"
        >
          <div
            class="card__image-container max-w-[323px] max-h-[223px] w-full mb-3"
          >
            <img
              alt="Josh Landes"
              class="card__image w-full max-h-full object-cover rounded-2xl team__card-image"
              src="/images/team/josh.jpg"
            />
          </div>
          <div
            class="card__content flex flex-col gap-6 w-full flex-1 justify-between"
          >
            <div
              class="card__text"
            >
              <h2
                class="card__title text-2xl font-semibold text-bluedot-darker mb-1"
              >
                Josh Landes
              </h2>
              <p
                class="card__subtitle text-base text-bluedot-black"
              >
                Community Manager
              </p>
            </div>
            <div
              class="card__cta-row flex items-center justify-between mt-auto"
            >
              <a
                class="cta-button flex items-center justify-center rounded-lg transition-all duration-200 font-semibold text-base px-4 py-2 w-fit cta-button--secondary bg-transparent border border-bluedot-normal text-bluedot-normal hover:bg-bluedot-lighter card__cta"
                data-testid="cta-link"
                href="https://linkedin.com/in/josh-landes12"
                rel="noopener noreferrer"
                target="_blank"
              >
                <span
                  class="cta-button__text"
                >
                  LinkedIn
                </span>
              </a>
            </div>
          </div>
        </div>
        <div
          class="card flex flex-col items-start transition-transform duration-200 team__card ml-4 mb-12"
        >
          <div
            class="card__image-container max-w-[323px] max-h-[223px] w-full mb-3"
          >
            <img
              alt="Li-Lian Ang"
              class="card__image w-full max-h-full object-cover rounded-2xl team__card-image"
              src="/images/team/lilian.jpg"
            />
          </div>
          <div
            class="card__content flex flex-col gap-6 w-full flex-1 justify-between"
          >
            <div
              class="card__text"
            >
              <h2
                class="card__title text-2xl font-semibold text-bluedot-darker mb-1"
              >
                Li-Lian Ang
              </h2>
              <p
                class="card__subtitle text-base text-bluedot-black"
              >
                Product
              </p>
            </div>
            <div
              class="card__cta-row flex items-center justify-between mt-auto"
            >
              <a
                class="cta-button flex items-center justify-center rounded-lg transition-all duration-200 font-semibold text-base px-4 py-2 w-fit cta-button--secondary bg-transparent border border-bluedot-normal text-bluedot-normal hover:bg-bluedot-lighter card__cta"
                data-testid="cta-link"
                href="https://linkedin.com/in/anglilian"
                rel="noopener noreferrer"
                target="_blank"
              >
                <span
                  class="cta-button__text"
                >
                  LinkedIn
                </span>
              </a>
            </div>
          </div>
        </div>
        <div
          class="card flex flex-col items-start transition-transform duration-200 team__card ml-4 mb-12"
        >
          <div
            class="card__image-container max-w-[323px] max-h-[223px] w-full mb-3"
          >
            <img
              alt="Tarin Rickett"
              class="card__image w-full max-h-full object-cover rounded-2xl team__card-image"
              src="/images/team/tarin.jpg"
            />
          </div>
          <div
            class="card__content flex flex-col gap-6 w-full flex-1 justify-between"
          >
            <div
              class="card__text"
            >
              <h2
                class="card__title text-2xl font-semibold text-bluedot-darker mb-1"
              >
                Tarin Rickett
              </h2>
              <p
                class="card__subtitle text-base text-bluedot-black"
              >
                Engineering
              </p>
            </div>
            <div
              class="card__cta-row flex items-center justify-between mt-auto"
            >
              <a
                class="cta-button flex items-center justify-center rounded-lg transition-all duration-200 font-semibold text-base px-4 py-2 w-fit cta-button--secondary bg-transparent border border-bluedot-normal text-bluedot-normal hover:bg-bluedot-lighter card__cta"
                data-testid="cta-link"
                href="https://linkedin.com/in/tarinrickett/"
                rel="noopener noreferrer"
                target="_blank"
              >
                <span
                  class="cta-button__text"
                >
                  LinkedIn
                </span>
              </a>
            </div>
          </div>
        </div>
        <div
          class="card flex flex-col items-start transition-transform duration-200 team__card ml-4 mb-12"
        >
          <div
            class="card__image-container max-w-[323px] max-h-[223px] w-full mb-3"
          >
            <img
              alt="Viorica Gheorghita"
              class="card__image w-full max-h-full object-cover rounded-2xl team__card-image"
              src="/images/team/vio.jpg"
            />
          </div>
          <div
            class="card__content flex flex-col gap-6 w-full flex-1 justify-between"
          >
            <div
              class="card__text"
            >
              <h2
                class="card__title text-2xl font-semibold text-bluedot-darker mb-1"
              >
                Viorica Gheorghita
              </h2>
              <p
                class="card__subtitle text-base text-bluedot-black"
              >
                Product
              </p>
            </div>
            <div
              class="card__cta-row flex items-center justify-between mt-auto"
            >
              <a
                class="cta-button flex items-center justify-center rounded-lg transition-all duration-200 font-semibold text-base px-4 py-2 w-fit cta-button--secondary bg-transparent border border-bluedot-normal text-bluedot-normal hover:bg-bluedot-lighter card__cta"
                data-testid="cta-link"
                href="https://www.linkedin.com/in/vioricagheorghita/"
                rel="noopener noreferrer"
                target="_blank"
              >
                <span
                  class="cta-button__text"
                >
                  LinkedIn
                </span>
              </a>
            </div>
          </div>
        </div>
        <div
          class="card flex flex-col items-start transition-transform duration-200 team__card ml-4 mb-12"
        >
          <div
            class="card__image-container max-w-[323px] max-h-[223px] w-full mb-3"
          >
            <img
              alt="Will Saunter"
              class="card__image w-full max-h-full object-cover rounded-2xl team__card-image"
              src="/images/team/will.jpg"
            />
          </div>
          <div
            class="card__content flex flex-col gap-6 w-full flex-1 justify-between"
          >
            <div
              class="card__text"
            >
              <h2
                class="card__title text-2xl font-semibold text-bluedot-darker mb-1"
              >
                Will Saunter
              </h2>
              <p
                class="card__subtitle text-base text-bluedot-black"
              >
                Co-founder
              </p>
            </div>
            <div
              class="card__cta-row flex items-center justify-between mt-auto"
            >
              <a
                class="cta-button flex items-center justify-center rounded-lg transition-all duration-200 font-semibold text-base px-4 py-2 w-fit cta-button--secondary bg-transparent border border-bluedot-normal text-bluedot-normal hover:bg-bluedot-lighter card__cta"
                data-testid="cta-link"
                href="https://linkedin.com/in/will-saunter"
                rel="noopener noreferrer"
                target="_blank"
              >
                <span
                  class="cta-button__text"
                >
                  LinkedIn
                </span>
              </a>
            </div>
          </div>
        </div>
      </div>
    </div>
  </div>
</div>
`;
