// Vitest Snapshot v1, https://vitest.dev/guide/snapshot.html

exports[`CommunityValuesSection > renders as expected 1`] = `
<div>
  <div
    class="community-values-section pb-spacing-y"
  >
    <div
      class="section-heading__title-container flex justify-between items-center gap-space-between mb-6 community-values-section__heading"
    >
      <div
        class="section-heading__content flex-1 flex flex-col gap-2"
      >
        <h2
          class="section-heading__title relative ml-[-0.08em] bluedot-h2"
        >
          Our community
        </h2>
      </div>
    </div>
    <div
      class="slide-list relative overflow-hidden flex flex-col gap-space-between -mx-spacing-x md:mx-0 community-values-section__values"
    >
      <div
        class="slide-list__gradient-wrapper relative flex-1"
      >
        <div
          class="slide-list__gradient-overlay absolute inset-0 pointer-events-none z-10 flex"
        >
          <div
            class="slide-list__gradient-left absolute inset-y-0 w-8 from-cream-normal to-transparent opacity-50 right-0 bg-linear-to-l"
          />
        </div>
        <div
          class="slide-list__slides flex flex-1 h-full items-stretch overflow-x-scroll gap-y-spacing-y md:gap-x-space-between scrollbar-hidden transition-transform duration-300 snap-x snap-mandatory"
          style="scroll-padding-inline: 0px;"
        >
          <div
            class="slide-list__slide shrink-0 snap-start pl-spacing-x md:pl-0 last:pr-spacing-x md:last:pr-0"
            data-width="calc((100% - var(--space-between) * 0) * (1 - 0.15))"
            style="scroll-margin-left: -0px;"
          >
            <div
              class="card flex items-start transition-transform duration-200 flex-col community-values-section__value"
            >
              <div
                class="card__image-container w-full mb-4"
              >
                <img
                  alt="Our online community brings together 4,500+ professionals across 100+ countries"
                  class="card__image max-w-full max-h-full object-cover rounded-lg "
                  src="/images/community-values/network.png"
                />
              </div>
              <div
                class="card__content flex gap-6 w-full flex-1 flex-col"
              >
                <div
                  class="card__text"
                >
                  <div
                    class="flex flex-row gap-4 items-center mb-2"
                  >
                    <p
                      class="card__title bluedot-h4"
                    >
                      Our online community brings together 4,500+ professionals across 100+ countries
                    </p>
                  </div>
                </div>
              </div>
            </div>
          </div>
          <div
            class="slide-list__slide shrink-0 snap-start pl-spacing-x md:pl-0 last:pr-spacing-x md:last:pr-0"
            data-width="calc((100% - var(--space-between) * 0) * (1 - 0.15))"
            style="scroll-margin-left: -0px;"
          >
            <div
              class="card flex items-start transition-transform duration-200 flex-col community-values-section__value"
            >
              <div
                class="card__image-container w-full mb-4"
              >
                <img
                  alt="Diverse expertise, from engineers and entrepreneurs to policymakers and philosophers"
                  class="card__image max-w-full max-h-full object-cover rounded-lg "
                  src="/images/community-values/people.png"
                />
              </div>
              <div
                class="card__content flex gap-6 w-full flex-1 flex-col"
              >
                <div
                  class="card__text"
                >
                  <div
                    class="flex flex-row gap-4 items-center mb-2"
                  >
                    <p
                      class="card__title bluedot-h4"
                    >
                      Diverse expertise, from engineers and entrepreneurs to policymakers and philosophers
                    </p>
                  </div>
                </div>
              </div>
            </div>
          </div>
          <div
            class="slide-list__slide shrink-0 snap-start pl-spacing-x md:pl-0 last:pr-spacing-x md:last:pr-0"
            data-width="calc((100% - var(--space-between) * 0) * (1 - 0.15))"
            style="scroll-margin-left: -0px;"
          >
            <div
              class="card flex items-start transition-transform duration-200 flex-col community-values-section__value"
            >
              <div
                class="card__image-container w-full mb-4"
              >
                <img
                  alt="40+ independent study groups worldwide have used our materials to run their own courses"
                  class="card__image max-w-full max-h-full object-cover rounded-lg "
                  src="/images/community-values/study.png"
                />
              </div>
              <div
                class="card__content flex gap-6 w-full flex-1 flex-col"
              >
                <div
                  class="card__text"
                >
                  <div
                    class="flex flex-row gap-4 items-center mb-2"
                  >
                    <p
                      class="card__title bluedot-h4"
                    >
                      40+ independent study groups worldwide have used our materials to run their own courses
                    </p>
                  </div>
                </div>
              </div>
            </div>
          </div>
          <div
            class="slide-list__slide shrink-0 snap-start pl-spacing-x md:pl-0 last:pr-spacing-x md:last:pr-0"
            data-width="calc((100% - var(--space-between) * 0) * (1 - 0.15))"
            style="scroll-margin-left: -0px;"
          >
            <div
              class="card flex items-start transition-transform duration-200 flex-col community-values-section__value"
            >
              <div
                class="card__image-container w-full mb-4"
              >
                <img
                  alt="We run regular in-person events across the world, turning online connections into lasting relationships"
                  class="card__image max-w-full max-h-full object-cover rounded-lg "
                  src="/images/community-values/world.png"
                />
              </div>
              <div
                class="card__content flex gap-6 w-full flex-1 flex-col"
              >
                <div
                  class="card__text"
                >
                  <div
                    class="flex flex-row gap-4 items-center mb-2"
                  >
                    <p
                      class="card__title bluedot-h4"
                    >
                      We run regular in-person events across the world, turning online connections into lasting relationships
                    </p>
                  </div>
                </div>
              </div>
            </div>
          </div>
        </div>
      </div>
      <div
        class="flex justify-between items-center gap-space-between"
      >
        <button
          aria-label="Previous slide"
          class="slide-list__nav-button p-3 border rounded-lg transition-colors m-[3px] mt-0 border-charcoal-light text-black hover:bg-gray-50 hover:cursor-pointer active:bg-gray-100 disabled:opacity-50 disabled:cursor-not-allowed focus:outline-hidden focus:ring-2 focus:ring-bluedot-light"
          disabled=""
          type="button"
        >
          <svg
            class="slide-list__nav-icon size-5"
            fill="none"
            stroke="currentColor"
            viewBox="0 0 24 24"
          >
            <path
              d="M15 19l-7-7 7-7"
              stroke-linecap="round"
              stroke-linejoin="round"
              stroke-width="2"
            />
          </svg>
        </button>
        <div
          class="slide-list__progress w-full relative h-1"
        >
          <div
            class="slide-list__progress-track absolute h-px top-px w-full bg-color-divider"
          />
          <div
            class="slide-list__progress-track absolute h-full bg-bluedot-normal"
            style="width: 25%;"
          />
        </div>
        <button
          aria-label="Next slide"
          class="slide-list__nav-button p-3 border rounded-lg transition-colors m-[3px] mt-0 border-charcoal-light text-black hover:bg-gray-50 hover:cursor-pointer active:bg-gray-100 disabled:opacity-50 disabled:cursor-not-allowed focus:outline-hidden focus:ring-2 focus:ring-bluedot-light"
          type="button"
        >
          <svg
            class="slide-list__nav-icon size-5"
            fill="none"
            stroke="currentColor"
            viewBox="0 0 24 24"
          >
            <path
              d="M9 5l7 7-7 7"
              stroke-linecap="round"
              stroke-linejoin="round"
              stroke-width="2"
            />
          </svg>
        </button>
      </div>
    </div>
  </div>
</div>
`;
