// Vitest Snapshot v1, https://vitest.dev/guide/snapshot.html

exports[`SettingsLayout > renders complete layout structure with correct active tab 1`] = `
<div>
  <div
    class="breadcrumbs bg-color-canvas border-b border-color-divider w-full py-space-between"
  >
    <nav
      aria-label="Breadcrumbs"
      class="breadcrumbs__nav section-base flex flex-row justify-between"
    >
      <ol
        class="breadcrumbs__list flex"
      >
        <li
          class="breadcrumbs__item flex items-center"
        >
          <a
            class="bluedot-a not-prose breadcrumbs__link no-underline"
            href="/"
            tabindex="0"
          >
            Home
          </a>
          <span
            aria-hidden="true"
            class="breadcrumbs__separator mx-2"
          >
            &gt;
          </span>
        </li>
        <li
          class="breadcrumbs__item flex items-center"
        >
          <a
            class="bluedot-a not-prose breadcrumbs__link no-underline"
            href="/settings"
            tabindex="0"
          >
            Settings
          </a>
          <span
            aria-hidden="true"
            class="breadcrumbs__separator mx-2"
          >
            &gt;
          </span>
        </li>
        <li
          class="breadcrumbs__item flex items-center"
        >
          <a
            class="bluedot-a not-prose breadcrumbs__link no-underline opacity-50"
            href="/settings/account"
            tabindex="0"
          >
            Account
          </a>
        </li>
      </ol>
    </nav>
  </div>
  <div
    class="container mx-auto px-4 py-6"
  >
    <div
      class="lg:grid lg:grid-cols-12 lg:gap-8"
    >
      <aside
        aria-label="Settings sidebar"
        class="lg:col-span-3 mb-6 lg:max-w-[320px]"
      >
        <h2
          class="bluedot-h2 not-prose mb-4 font-semibold text-size-lg leading-[1.4]"
        >
          Settings
        </h2>
        <nav
          aria-label="Settings navigation"
        >
          <ul
            class="flex gap-2 flex-wrap lg:block lg:space-y-1"
          >
            <li>
              <a
                aria-label="Account settings"
                class="
                  w-auto lg:w-full h-11 px-4 py-3 rounded-lg transition-colors flex items-center
                  bg-[rgba(0,85,255,0.08)] text-bluedot-darker font-semibold
                "
                href="/settings/account"
                tabindex="0"
              >
                <span
                  class="flex items-center gap-3 w-full"
                >
                  <p
                    class="bluedot-p not-prose text-[13px] leading-[22px] flex-grow !m-0 font-semibold"
                  >
                    Account
                  </p>
                </span>
              </a>
            </li>
            <li>
              <a
                aria-label="Courses settings"
                class="
                  w-auto lg:w-full h-11 px-4 py-3 rounded-lg transition-colors flex items-center
                  text-bluedot-darker hover:bg-[rgba(0,85,255,0.04)]
                "
                href="/settings/courses"
                tabindex="0"
              >
                <span
                  class="flex items-center gap-3 w-full"
                >
                  <p
                    class="bluedot-p not-prose text-[13px] leading-[22px] flex-grow !m-0 font-normal"
                  >
                    Courses
                  </p>
                </span>
              </a>
            </li>
            <li>
              <a
                aria-label="Community settings (New feature)"
                class="
                  w-auto lg:w-full h-11 px-4 py-3 rounded-lg transition-colors flex items-center
                  text-bluedot-darker hover:bg-[rgba(0,85,255,0.04)]
                "
                href="/settings/community"
                tabindex="0"
              >
                <span
                  class="flex items-center gap-3 w-full"
                >
                  <p
                    class="bluedot-p not-prose text-[13px] leading-[22px] flex-grow !m-0 font-normal"
                  >
                    Community
                  </p>
                  <span
                    aria-label="New feature"
                    class="text-[10px] px-1.5 py-0.5 rounded-[5px] uppercase font-bold bg-[rgba(0,85,255,0.08)] text-[#0037FF]"
                  >
                    NEW
                  </span>
                </span>
              </a>
            </li>
          </ul>
        </nav>
      </aside>
      <main
        aria-label="Settings content"
        class="lg:col-span-9"
      >
        <div
          class="container-lined"
          role="region"
        >
          <div>
            Test Content
          </div>
        </div>
      </main>
    </div>
  </div>
</div>
`;
