// Vitest Snapshot v1, https://vitest.dev/guide/snapshot.html

exports[`AgiStrategyLander > renders the complete page correctly (snapshot) 1`] = `
<div>
  <div
    class="bg-white"
  >
    <title>
      AGI Strategy Course | BlueDot Impact
    </title>
    <meta
      content="Develop strategic thinking skills for AGI governance and long-term AI strategy. Join our intensive course for strategists shaping the future of artificial general intelligence."
      name="description"
    />
    <section
      class="w-full bg-white"
    >
      <div
        class="w-full grid grid-cols-1 lg:h-[600px] lg:grid-cols-2 lg:max-w-[1440px] lg:mx-auto"
      >
        <div
          class="w-full px-5 py-8 pb-12 space-y-8 order-2 lg:order-1 lg:pl-12 lg:pr-8 lg:py-12 lg:flex lg:flex-col lg:justify-center xl:pr-16 xl:pl-12"
        >
          <div
            class="space-y-4 text-left"
          >
            <h1
              class="bluedot-h1 not-prose text-[32px] leading-tight font-semibold text-[#13132E] lg:text-5xl lg:leading-[3.75rem] lg:tracking-[-0.5px]"
            >
              Start building the defences that protect humanity
            </h1>
            <p
              class="bluedot-p not-prose text-[18px] leading-relaxed text-[#13132E] opacity-80 lg:text-lg lg:leading-[1.6] lg:max-w-lg"
            >
              Envision a good future. Map the threats from AI. Design effective interventions. Get funded to start shipping. All in 30 hours.
            </p>
          </div>
          <div
            class="flex flex-row gap-3"
          >
            <a
              class="cta-button flex items-center justify-center whitespace-nowrap cursor-pointer not-prose disabled:opacity-50 disabled:pointer-events-none aria-disabled:opacity-50 aria-disabled:pointer-events-none cta-button--primary link-on-dark w-auto h-11 px-5 py-3 text-[14px] font-medium rounded-md bg-[#2244BB] text-white hover:bg-[#1a3399] focus:bg-[#1a3399] transition-colors duration-200 lg:h-[3.125rem] lg:text-[16px]"
              href="https://web.miniextensions.com/9Kuya4AzFGWgayC3gQaX?utm_source=website_lander"
              tabindex="0"
            >
              Apply now
            </a>
            <a
              class="cta-button flex items-center justify-center whitespace-nowrap cursor-pointer not-prose disabled:opacity-50 disabled:pointer-events-none aria-disabled:opacity-50 aria-disabled:pointer-events-none cta-button--primary link-on-dark w-auto h-11 px-5 py-3.5 text-[14px] font-medium rounded-md border border-[rgba(19,19,46,0.3)] text-[#13132E] bg-transparent hover:border-[rgba(19,19,46,0.5)] hover:bg-[rgba(19,19,46,0.05)] hover:text-[#13132E] transition-colors duration-200 lg:h-[3.125rem] lg:text-[16px]"
              href="/courses/agi-strategy/1"
              tabindex="0"
            >
              Browse curriculum
            </a>
          </div>
        </div>
        <div
          class="w-full h-60 order-1 lg:order-2 lg:h-[600px] relative overflow-hidden"
        >
          <img
            alt="AGI Strategy visualization"
            class="size-full object-cover"
            src="/images/agi-strategy/hero-banner-split.png"
          />
        </div>
      </div>
    </section>
    <div
      class="border-t-hairline border-color-divider"
    />
    <div
      data-testid="graduate-section"
    >
      Graduate Section
    </div>
    <div
      class="border-t-hairline border-color-divider"
    />
    <section
      class="w-full bg-[#FAFAF7]"
    >
      <div
        class="max-w-max-width mx-auto px-spacing-x py-12 md:pt-20 md:pb-16 lg:pt-24 lg:pb-20"
      >
        <h2
          class="bluedot-h2 not-prose text-[28px] md:text-[32px] lg:text-[36px] font-semibold leading-[125%] text-[#13132E] text-center mb-12 md:mb-16 tracking-[-0.01em]"
        >
          Who is this course for
        </h2>
        <div
          class="grid grid-cols-1 md:grid-cols-2 lg:grid-cols-3 gap-6 md:gap-8"
        >
          <div
            class="flex flex-col items-center md:items-start gap-6 bg-white border border-[rgba(19,19,46,0.1)] rounded-xl p-6 md:p-8 mx-auto md:mx-0 max-w-[350px] md:max-w-none"
          >
            <div
              class="size-12 md:size-14 bg-[#2244BB] rounded-lg flex items-center justify-center flex-shrink-0"
            >
              <svg
                class="text-white"
                fill="currentColor"
                height="28"
                stroke="currentColor"
                stroke-width="0"
                viewBox="0 0 256 256"
                width="28"
                xmlns="http://www.w3.org/2000/svg"
              >
                <path
                  d="M216,56H176V48a24,24,0,0,0-24-24H104A24,24,0,0,0,80,48v8H40A16,16,0,0,0,24,72V200a16,16,0,0,0,16,16H216a16,16,0,0,0,16-16V72A16,16,0,0,0,216,56ZM96,48a8,8,0,0,1,8-8h48a8,8,0,0,1,8,8v8H96ZM216,72v41.61A184,184,0,0,1,128,136a184.07,184.07,0,0,1-88-22.38V72Zm0,128H40V131.64A200.19,200.19,0,0,0,128,152a200.25,200.25,0,0,0,88-20.37V200ZM104,112a8,8,0,0,1,8-8h32a8,8,0,0,1,0,16H112A8,8,0,0,1,104,112Z"
                />
              </svg>
            </div>
            <p
              class="bluedot-p not-prose text-[16px] md:text-[18px] leading-[1.6] text-[#13132E] text-center md:text-left"
            >
              <span
                class="font-semibold"
              >
                For entrepreneurs and operators
              </span>
              <span>
                 who want to build solutions that protect humanity.
              </span>
            </p>
          </div>
          <div
            class="flex flex-col items-center md:items-start gap-6 bg-white border border-[rgba(19,19,46,0.1)] rounded-xl p-6 md:p-8 mx-auto md:mx-0 max-w-[350px] md:max-w-none"
          >
            <div
              class="size-12 md:size-14 bg-[#2244BB] rounded-lg flex items-center justify-center flex-shrink-0"
            >
              <svg
                class="text-white"
                fill="currentColor"
                height="28"
                stroke="currentColor"
                stroke-width="0"
                viewBox="0 0 256 256"
                width="28"
                xmlns="http://www.w3.org/2000/svg"
              >
                <path
                  d="M128,24A104,104,0,1,0,232,128,104.11,104.11,0,0,0,128,24Zm0,192a88,88,0,1,1,88-88A88.1,88.1,0,0,1,128,216ZM172.42,72.84l-64,32a8.05,8.05,0,0,0-3.58,3.58l-32,64A8,8,0,0,0,80,184a8.1,8.1,0,0,0,3.58-.84l64-32a8.05,8.05,0,0,0,3.58-3.58l32-64a8,8,0,0,0-10.74-10.74ZM138,138,97.89,158.11,118,118l40.15-20.07Z"
                />
              </svg>
            </div>
            <p
              class="bluedot-p not-prose text-[16px] md:text-[18px] leading-[1.6] text-[#13132E] text-center md:text-left"
            >
              <span
                class="font-semibold"
              >
                For leaders
              </span>
              <span>
                 who want to steer AI's trajectory towards beneficial outcomes for humanity.
              </span>
            </p>
          </div>
          <div
            class="flex flex-col items-center md:items-start gap-6 bg-white border border-[rgba(19,19,46,0.1)] rounded-xl p-6 md:p-8 mx-auto md:mx-0 max-w-[350px] md:max-w-none"
          >
            <div
              class="size-12 md:size-14 bg-[#2244BB] rounded-lg flex items-center justify-center flex-shrink-0"
            >
              <svg
                class="text-white"
                fill="currentColor"
                height="28"
                stroke="currentColor"
                stroke-width="0"
                viewBox="0 0 256 256"
                width="28"
                xmlns="http://www.w3.org/2000/svg"
              >
                <path
                  d="M221.69,199.77,160,96.92V40h8a8,8,0,0,0,0-16H88a8,8,0,0,0,0,16h8V96.92L34.31,199.77A16,16,0,0,0,48,224H208a16,16,0,0,0,13.72-24.23ZM110.86,103.25A7.93,7.93,0,0,0,112,99.14V40h32V99.14a7.93,7.93,0,0,0,1.14,4.11L183.36,167c-12,2.37-29.07,1.37-51.75-10.11-15.91-8.05-31.05-12.32-45.22-12.81ZM48,208l28.54-47.58c14.25-1.74,30.31,1.85,47.82,10.72,19,9.61,35,12.88,48,12.88a69.89,69.89,0,0,0,19.55-2.7L208,208Z"
                />
              </svg>
            </div>
            <p
              class="bluedot-p not-prose text-[16px] md:text-[18px] leading-[1.6] text-[#13132E] text-center md:text-left"
            >
              <span
                class="font-semibold"
              >
                For researchers
              </span>
              <span>
                 who want to take big bets on the most impactful research ideas.
              </span>
            </p>
          </div>
        </div>
      </div>
    </section>
    <section
      class="w-full bg-white"
    >
      <div
        class="max-w-max-width mx-auto px-spacing-x pt-12 pb-8 md:pt-20 md:pb-12 lg:pt-24 lg:pb-16"
      >
        <h2
          class="bluedot-h2 not-prose text-[28px] md:text-[32px] lg:text-[36px] font-semibold leading-[125%] text-[#13132E] text-center mb-12 md:mb-16 tracking-[-0.01em]"
        >
          Curriculum Overview
        </h2>
        <div
          class="flex justify-center"
        >
          <div
            class="progress-dots flex justify-center space-x-2 my-6"
          >
            <span
              class="size-2 bg-bluedot-normal rounded-full animate-bounce"
              style="animation-delay: 0ms;"
            />
            <span
              class="size-2 bg-bluedot-normal rounded-full animate-bounce"
              style="animation-delay: 150ms;"
            />
            <span
              class="size-2 bg-bluedot-normal rounded-full animate-bounce"
              style="animation-delay: 300ms;"
            />
          </div>
        </div>
      </div>
    </section>
    <section
      class="w-full bg-white"
    >
      <div
        class="max-w-max-width mx-auto px-spacing-x pt-12 pb-16"
      >
        <h2
          class="bluedot-h2 not-prose text-[28px] md:text-[32px] lg:text-[36px] font-semibold leading-[125%] text-[#13132E] text-center mb-16 tracking-[-0.01em]"
        >
          How this course will benefit you
        </h2>
        <div
          class="grid grid-cols-1 md:grid-cols-2 lg:grid-cols-3 gap-8"
        >
          <div
            class="flex flex-col gap-6"
          >
            <div
              class="size-14 bg-[#ECF0FF] rounded-lg flex items-center justify-center flex-shrink-0"
            >
              <svg
                class="text-black"
                fill="currentColor"
                height="28"
                stroke="currentColor"
                stroke-width="0"
                viewBox="0 0 256 256"
                width="28"
                xmlns="http://www.w3.org/2000/svg"
              >
                <path
                  d="M223.85,47.12a16,16,0,0,0-15-15c-12.58-.75-44.73.4-71.41,27.07L132.69,64H74.36A15.91,15.91,0,0,0,63,68.68L28.7,103a16,16,0,0,0,9.07,27.16l38.47,5.37,44.21,44.21,5.37,38.49a15.94,15.94,0,0,0,10.78,12.92,16.11,16.11,0,0,0,5.1.83A15.91,15.91,0,0,0,153,227.3L187.32,193A15.91,15.91,0,0,0,192,181.64V123.31l4.77-4.77C223.45,91.86,224.6,59.71,223.85,47.12ZM74.36,80h42.33L77.16,119.52,40,114.34Zm74.41-9.45a76.65,76.65,0,0,1,59.11-22.47,76.46,76.46,0,0,1-22.42,59.16L128,164.68,91.32,128ZM176,181.64,141.67,216l-5.19-37.17L176,139.31Zm-74.16,9.5C97.34,201,82.29,224,40,224a8,8,0,0,1-8-8c0-42.29,23-57.34,32.86-61.85a8,8,0,0,1,6.64,14.56c-6.43,2.93-20.62,12.36-23.12,38.91,26.55-2.5,36-16.69,38.91-23.12a8,8,0,1,1,14.56,6.64Z"
                />
              </svg>
            </div>
            <div
              class="space-y-2"
            >
              <h3
                class="bluedot-h3 not-prose text-[18px] font-semibold leading-tight text-[#13132E]"
              >
                Take action in less than 30 hours
              </h3>
              <p
                class="bluedot-p not-prose text-size-sm leading-[1.6] text-[#13132E] opacity-80"
              >
                You don't need another degree. This AGI Strategy course replaces years of self-study with three frameworks: incentive mapping to understand the AGI race, kill chains to analyse AI threats, and defence-in-depth to design interventions that counter them. You'll finish with a fundable plan.
              </p>
            </div>
          </div>
          <div
            class="flex flex-col gap-6"
          >
            <div
              class="size-14 bg-[#ECF0FF] rounded-lg flex items-center justify-center flex-shrink-0"
            >
              <svg
                class="text-black"
                fill="currentColor"
                height="28"
                stroke="currentColor"
                stroke-width="0"
                viewBox="0 0 256 256"
                width="28"
                xmlns="http://www.w3.org/2000/svg"
              >
                <path
                  d="M244.8,150.4a8,8,0,0,1-11.2-1.6A51.6,51.6,0,0,0,192,128a8,8,0,0,1-7.37-4.89,8,8,0,0,1,0-6.22A8,8,0,0,1,192,112a24,24,0,1,0-23.24-30,8,8,0,1,1-15.5-4A40,40,0,1,1,219,117.51a67.94,67.94,0,0,1,27.43,21.68A8,8,0,0,1,244.8,150.4ZM190.92,212a8,8,0,1,1-13.84,8,57,57,0,0,0-98.16,0,8,8,0,1,1-13.84-8,72.06,72.06,0,0,1,33.74-29.92,48,48,0,1,1,58.36,0A72.06,72.06,0,0,1,190.92,212ZM128,176a32,32,0,1,0-32-32A32,32,0,0,0,128,176ZM72,120a8,8,0,0,0-8-8A24,24,0,1,1,87.24,82a8,8,0,1,0,15.5-4A40,40,0,1,0,37,117.51,67.94,67.94,0,0,0,9.6,139.19a8,8,0,1,0,12.8,9.61A51.6,51.6,0,0,1,64,128,8,8,0,0,0,72,120Z"
                />
              </svg>
            </div>
            <div
              class="space-y-2"
            >
              <h3
                class="bluedot-h3 not-prose text-[18px] font-semibold leading-tight text-[#13132E]"
              >
                Join a network of builders
              </h3>
              <p
                class="bluedot-p not-prose text-size-sm leading-[1.6] text-[#13132E] opacity-80"
              >
                This course isn't for everyone. We're building a community of people who are energised to take ambitious actions to make AI go well, including starting new companies, policy entrepreneurship, and high-impact research bets. Completing this course will give you access to this community.
              </p>
            </div>
          </div>
          <div
            class="flex flex-col gap-6"
          >
            <div
              class="size-14 bg-[#ECF0FF] rounded-lg flex items-center justify-center flex-shrink-0"
            >
              <svg
                class="text-black"
                fill="currentColor"
                height="28"
                stroke="currentColor"
                stroke-width="0"
                viewBox="0 0 256 256"
                width="28"
                xmlns="http://www.w3.org/2000/svg"
              >
                <path
                  d="M230.33,141.06a24.43,24.43,0,0,0-21.24-4.23l-41.84,9.62A28,28,0,0,0,140,112H89.94a31.82,31.82,0,0,0-22.63,9.37L44.69,144H16A16,16,0,0,0,0,160v40a16,16,0,0,0,16,16H120a7.93,7.93,0,0,0,1.94-.24l64-16a6.94,6.94,0,0,0,1.19-.4L226,182.82l.44-.2a24.6,24.6,0,0,0,3.93-41.56ZM16,160H40v40H16Zm203.43,8.21-38,16.18L119,200H56V155.31l22.63-22.62A15.86,15.86,0,0,1,89.94,128H140a12,12,0,0,1,0,24H112a8,8,0,0,0,0,16h32a8.32,8.32,0,0,0,1.79-.2l67-15.41.31-.08a8.6,8.6,0,0,1,6.3,15.9ZM164,96a36,36,0,0,0,5.9-.48,36,36,0,1,0,28.22-47A36,36,0,1,0,164,96Zm60-12a20,20,0,1,1-20-20A20,20,0,0,1,224,84ZM164,40a20,20,0,0,1,19.25,14.61,36,36,0,0,0-15,24.93A20.42,20.42,0,0,1,164,80a20,20,0,0,1,0-40Z"
                />
              </svg>
            </div>
            <div
              class="space-y-2"
            >
              <h3
                class="bluedot-h3 not-prose text-[18px] font-semibold leading-tight text-[#13132E]"
              >
                Get funded to accelerate your impact
              </h3>
              <p
                class="bluedot-p not-prose text-size-sm leading-[1.6] text-[#13132E] opacity-80"
              >
                If your final course proposal is strong, you'll receive $10-50k to kickstart your transition into impactful work, and you'll be invited to co-work with us in London for 1-2 weeks. We'll do whatever it takes to accelerate your journey.
              </p>
            </div>
          </div>
        </div>
      </div>
    </section>
    <section
      class="w-full bg-[#FAFAF7]"
    >
      <div
        class="max-w-max-width mx-auto px-spacing-x py-12 md:pt-20 md:pb-16 lg:pt-24 lg:pb-20 flex flex-col items-center gap-12 md:gap-16"
      >
        <h2
          class="bluedot-h2 not-prose text-[28px] md:text-[32px] lg:text-[36px] text-center font-semibold leading-[125%] text-[#13132E] tracking-[-0.01em]"
        >
          AGI Strategy Course Details
        </h2>
        <div
          class="w-full lg:w-[928px] bg-white border border-[rgba(19,19,46,0.1)] rounded-xl py-8 flex flex-col items-center gap-6"
        >
          <div
            class="flex flex-col w-full"
          >
            <div>
              <div
                class="flex flex-col md:flex-row items-start px-6 md:px-8 py-0 gap-8"
              >
                <div
                  class="flex items-center gap-3 md:min-w-[240px]"
                >
                  <div
                    class="text-[#13132E]"
                  >
                    <svg
                      class="size-6"
                      fill="currentColor"
                      height="1em"
                      stroke="currentColor"
                      stroke-width="0"
                      viewBox="0 0 256 256"
                      width="1em"
                      xmlns="http://www.w3.org/2000/svg"
                    >
                      <path
                        d="M251.76,88.94l-120-64a8,8,0,0,0-7.52,0l-120,64a8,8,0,0,0,0,14.12L32,117.87v48.42a15.91,15.91,0,0,0,4.06,10.65C49.16,191.53,78.51,216,128,216a130,130,0,0,0,48-8.76V240a8,8,0,0,0,16,0V199.51a115.63,115.63,0,0,0,27.94-22.57A15.91,15.91,0,0,0,224,166.29V117.87l27.76-14.81a8,8,0,0,0,0-14.12ZM128,200c-43.27,0-68.72-21.14-80-33.71V126.4l76.24,40.66a8,8,0,0,0,7.52,0L176,143.47v46.34C163.4,195.69,147.52,200,128,200Zm80-33.75a97.83,97.83,0,0,1-16,14.25V134.93l16-8.53ZM188,118.94l-.22-.13-56-29.87a8,8,0,0,0-7.52,14.12L171,128l-43,22.93L25,96,128,41.07,231,96Z"
                      />
                    </svg>
                  </div>
                  <p
                    class="bluedot-p not-prose text-[16px] font-semibold leading-[125%] text-[#13132E]"
                  >
                    Options
                  </p>
                </div>
                <p
                  class="bluedot-p not-prose text-[16px] leading-[160%] text-[#13132E] opacity-80 flex-1 font-normal"
                >
                  <span
                    class="font-semibold"
                  >
                    Intensive
                  </span>
                  : 6-day course (5h/day)
                  <br />
                  <span
                    class="font-semibold"
                  >
                    Part-time
                  </span>
                  : 6-week course (5h/week)
                </p>
              </div>
              <div
                class="w-full h-px bg-[#13132E] opacity-10 my-6"
              />
            </div>
            <div>
              <div
                class="flex flex-col md:flex-row items-start px-6 md:px-8 py-0 gap-8"
              >
                <div
                  class="flex items-center gap-3 md:min-w-[240px]"
                >
                  <div
                    class="text-[#13132E]"
                  >
                    <svg
                      class="size-6"
                      fill="currentColor"
                      height="1em"
                      stroke="currentColor"
                      stroke-width="0"
                      viewBox="0 0 256 256"
                      width="1em"
                      xmlns="http://www.w3.org/2000/svg"
                    >
                      <path
                        d="M136,80v43.47l36.12,21.67a8,8,0,0,1-8.24,13.72l-40-24A8,8,0,0,1,120,128V80a8,8,0,0,1,16,0Zm88-24a8,8,0,0,0-8,8V82c-6.35-7.36-12.83-14.45-20.12-21.83a96,96,0,1,0-2,137.7,8,8,0,0,0-11-11.64A80,80,0,1,1,184.54,71.4C192.68,79.64,199.81,87.58,207,96H184a8,8,0,0,0,0,16h40a8,8,0,0,0,8-8V64A8,8,0,0,0,224,56Z"
                      />
                    </svg>
                  </div>
                  <p
                    class="bluedot-p not-prose text-[16px] font-semibold leading-[125%] text-[#13132E]"
                  >
                    Commitment
                  </p>
                </div>
                <p
                  class="bluedot-p not-prose text-[16px] leading-[160%] text-[#13132E] opacity-80 flex-1 font-normal"
                >
                  Each day or week, you will:
                  <br />
                  <span
                    class="font-semibold"
                  >
                    Complete 2-3 hours
                  </span>
                   of reading and writing, and 
                  <span
                    class="font-semibold"
                  >
                    join ~8 peers in a 2-hour Zoom meeting
                  </span>
                   to discuss the content.
                </p>
              </div>
              <div
                class="w-full h-px bg-[#13132E] opacity-10 my-6"
              />
            </div>
            <div>
              <div
                class="flex flex-col md:flex-row items-start px-6 md:px-8 py-0 gap-8"
              >
                <div
                  class="flex items-center gap-3 md:min-w-[240px]"
                >
                  <div
                    class="text-[#13132E]"
                  >
                    <svg
                      class="size-6"
                      fill="currentColor"
                      height="1em"
                      stroke="currentColor"
                      stroke-width="0"
                      viewBox="0 0 256 256"
                      width="1em"
                      xmlns="http://www.w3.org/2000/svg"
                    >
                      <path
                        d="M216,80H184V48a16,16,0,0,0-16-16H40A16,16,0,0,0,24,48V176a8,8,0,0,0,13,6.22L72,154V184a16,16,0,0,0,16,16h93.59L219,230.22a8,8,0,0,0,5,1.78,8,8,0,0,0,8-8V96A16,16,0,0,0,216,80ZM66.55,137.78,40,159.25V48H168v88H71.58A8,8,0,0,0,66.55,137.78ZM216,207.25l-26.55-21.47a8,8,0,0,0-5-1.78H88V152h80a16,16,0,0,0,16-16V96h32Z"
                      />
                    </svg>
                  </div>
                  <p
                    class="bluedot-p not-prose text-[16px] font-semibold leading-[125%] text-[#13132E]"
                  >
                    Facilitator
                  </p>
                </div>
                <p
                  class="bluedot-p not-prose text-[16px] leading-[160%] text-[#13132E] opacity-80 flex-1 font-normal"
                >
                  All discussions will be facilitated by an AI safety expert.
                </p>
              </div>
              <div
                class="w-full h-px bg-[#13132E] opacity-10 my-6"
              />
            </div>
            <div>
              <div
                class="flex flex-col md:flex-row items-start px-6 md:px-8 py-0 gap-8"
              >
                <div
                  class="flex items-center gap-3 md:min-w-[240px]"
                >
                  <div
                    class="text-[#13132E]"
                  >
                    <svg
                      class="size-6"
                      fill="currentColor"
                      height="1em"
                      stroke="currentColor"
                      stroke-width="0"
                      viewBox="0 0 256 256"
                      width="1em"
                      xmlns="http://www.w3.org/2000/svg"
                    >
                      <path
                        d="M230.33,141.06a24.34,24.34,0,0,0-18.61-4.77C230.5,117.33,240,98.48,240,80c0-26.47-21.29-48-47.46-48A47.58,47.58,0,0,0,156,48.75,47.58,47.58,0,0,0,119.46,32C93.29,32,72,53.53,72,80c0,11,3.24,21.69,10.06,33a31.87,31.87,0,0,0-14.75,8.4L44.69,144H16A16,16,0,0,0,0,160v40a16,16,0,0,0,16,16H120a7.93,7.93,0,0,0,1.94-.24l64-16a6.94,6.94,0,0,0,1.19-.4L226,182.82l.44-.2a24.6,24.6,0,0,0,3.93-41.56ZM119.46,48A31.15,31.15,0,0,1,148.6,67a8,8,0,0,0,14.8,0,31.15,31.15,0,0,1,29.14-19C209.59,48,224,62.65,224,80c0,19.51-15.79,41.58-45.66,63.9l-11.09,2.55A28,28,0,0,0,140,112H100.68C92.05,100.36,88,90.12,88,80,88,62.65,102.41,48,119.46,48ZM16,160H40v40H16Zm203.43,8.21-38,16.18L119,200H56V155.31l22.63-22.62A15.86,15.86,0,0,1,89.94,128H140a12,12,0,0,1,0,24H112a8,8,0,0,0,0,16h32a8.32,8.32,0,0,0,1.79-.2l67-15.41.31-.08a8.6,8.6,0,0,1,6.3,15.9Z"
                      />
                    </svg>
                  </div>
                  <p
                    class="bluedot-p not-prose text-[16px] font-semibold leading-[125%] text-[#13132E]"
                  >
                    Price
                  </p>
                </div>
                <p
                  class="bluedot-p not-prose text-[16px] leading-[160%] text-[#13132E] opacity-80 flex-1 font-normal"
                >
                  This course is freely available and operates on a "pay-what-you-want" model.
                </p>
              </div>
              <div
                class="w-full h-px bg-[#13132E] opacity-10 my-6"
              />
            </div>
            <div>
              <div
                class="flex flex-col md:flex-row items-start px-6 md:px-8 py-0 gap-8"
              >
                <div
                  class="flex items-center gap-3 md:min-w-[240px]"
                >
                  <div
                    class="text-[#13132E]"
                  >
                    <svg
                      class="size-6"
                      fill="currentColor"
                      height="1em"
                      stroke="currentColor"
                      stroke-width="0"
                      viewBox="0 0 256 256"
                      width="1em"
                      xmlns="http://www.w3.org/2000/svg"
                    >
                      <path
                        d="M208,32H184V24a8,8,0,0,0-16,0v8H88V24a8,8,0,0,0-16,0v8H48A16,16,0,0,0,32,48V208a16,16,0,0,0,16,16H208a16,16,0,0,0,16-16V48A16,16,0,0,0,208,32ZM72,48v8a8,8,0,0,0,16,0V48h80v8a8,8,0,0,0,16,0V48h24V80H48V48ZM208,208H48V96H208V208Zm-68-76a12,12,0,1,1-12-12A12,12,0,0,1,140,132Zm44,0a12,12,0,1,1-12-12A12,12,0,0,1,184,132ZM96,172a12,12,0,1,1-12-12A12,12,0,0,1,96,172Zm44,0a12,12,0,1,1-12-12A12,12,0,0,1,140,172Zm44,0a12,12,0,1,1-12-12A12,12,0,0,1,184,172Z"
                      />
                    </svg>
                  </div>
                  <p
                    class="bluedot-p not-prose text-[16px] font-semibold leading-[125%] text-[#13132E]"
                  >
                    Schedule
                  </p>
                </div>
                <p
                  class="bluedot-p not-prose text-[16px] leading-[160%] text-[#13132E] opacity-80 flex-1 font-normal"
                >
                  New cohorts start every month:
                  <br />
                  Next round 
                  <span
                    class="font-semibold"
                  >
                    29th Sep
                  </span>
                  , application deadline 
                  <span
                    class="font-semibold"
                  >
                    21st Sep
                  </span>
                </p>
              </div>
            </div>
          </div>
          <div
            class="w-full flex justify-start md:justify-center px-6 md:px-8 pt-2 self-start md:self-center"
          >
            <a
              class="cta-button flex items-center justify-center duration-200 whitespace-nowrap cursor-pointer not-prose disabled:opacity-50 disabled:pointer-events-none aria-disabled:opacity-50 aria-disabled:pointer-events-none text-sm font-[650] cta-button--primary link-on-dark w-auto px-5 py-3 bg-[#2244BB] text-white rounded-md hover:bg-[#1a3399] transition-colors"
              href="https://web.miniextensions.com/9Kuya4AzFGWgayC3gQaX?utm_source=website_lander"
              tabindex="0"
            >
              Apply now
            </a>
          </div>
        </div>
      </div>
    </section>
    <section
      class="flex flex-col items-center w-full py-6 px-5 lg:p-12"
      style="background-color: #FAFAF7;"
    >
      <div
        class="flex flex-col items-center gap-8 w-full max-w-[350px] lg:max-w-[1120px] mx-auto"
      >
        <div
          class="flex flex-col lg:flex-row w-full rounded-xl overflow-hidden h-[409px] lg:h-[385px]"
          style="background-color: #ECF0FF;"
        >
          <div
            class="flex flex-col items-center lg:items-start p-8 px-6 lg:p-16 gap-12 flex-grow justify-between lg:justify-start"
          >
            <blockquote
              class="text-[20px] lg:text-[32px] leading-[1.4] lg:leading-tight font-semibold text-center lg:text-left"
              style="color: #13132E;"
            >
              "We should not underestimate the real threats coming from AI [while] we have a narrowing window of opportunity to guide this technology responsibly."
            </blockquote>
            <div
              class="flex flex-col items-center lg:items-start gap-4 lg:gap-0"
            >
              <a
                href="https://neighbourhood-enlargement.ec.europa.eu/news/2023-state-union-address-president-von-der-leyen-2023-09-13_en"
                rel="noopener noreferrer"
                target="_blank"
              >
                <img
                  alt="Ursula von der Leyen"
                  class="size-16 object-cover rounded-full lg:hidden"
                  src="/images/agi-strategy/ursula.png"
                />
              </a>
              <div
                class="flex flex-col items-center lg:items-start"
              >
                <div
                  class="text-[18px] leading-tight font-semibold"
                  style="color: #13132E;"
                >
                  Ursula von der Leyen
                </div>
                <div
                  class="text-[16px] leading-[1.6] opacity-80"
                  style="color: #13132E;"
                >
                  President, European Commission
                </div>
              </div>
            </div>
          </div>
          <a
            class="hidden lg:block w-80 h-[385px] flex-shrink-0"
            href="https://neighbourhood-enlargement.ec.europa.eu/news/2023-state-union-address-president-von-der-leyen-2023-09-13_en"
            rel="noopener noreferrer"
            target="_blank"
          >
            <img
              alt="Ursula von der Leyen"
              class="size-full object-cover"
              src="/images/agi-strategy/ursula.png"
            />
          </a>
        </div>
        <div
          class="flex gap-2"
        >
          <button
            aria-label="Go to quote 1"
            class="h-1.5 w-12 rounded transition-all duration-300 opacity-100"
            style="background-color: #2244BB;"
            type="button"
          />
          <button
            aria-label="Go to quote 2"
            class="h-1.5 w-12 rounded transition-all duration-300 opacity-15"
            style="background-color: #13132E;"
            type="button"
          />
          <button
            aria-label="Go to quote 3"
            class="h-1.5 w-12 rounded transition-all duration-300 opacity-15"
            style="background-color: #13132E;"
            type="button"
          />
          <button
            aria-label="Go to quote 4"
            class="h-1.5 w-12 rounded transition-all duration-300 opacity-15"
            style="background-color: #13132E;"
            type="button"
          />
        </div>
      </div>
    </section>
    <section
      class="w-full bg-[#FAFAF7]"
    >
      <div
        class="max-w-max-width mx-auto px-spacing-x py-12 md:pt-20 md:pb-16 lg:pt-24 lg:pb-20"
      >
        <h2
          class="bluedot-h2 not-prose text-[28px] md:text-[32px] lg:text-[36px] text-center font-semibold leading-[125%] mb-12 md:mb-16 tracking-[-0.01em]"
        >
          Some of our graduates
        </h2>
        <div
          data-testid="community-members-section"
        >
          <span>
            Members: 
            6
          </span>
        </div>
      </div>
    </section>
    <section
      class="w-full bg-white"
    >
      <div
        class="max-w-max-width mx-auto px-spacing-x py-12 md:pt-20 md:pb-16 lg:pt-24 lg:pb-20"
      >
        <div
          class="max-w-[928px] mx-auto flex flex-col gap-12 md:gap-16"
        >
          <h2
            class="text-[28px] md:text-[32px] lg:text-[36px] font-semibold leading-[125%] tracking-[-0.01em] text-[#13132E] text-center"
          >
            Frequently Asked Questions
          </h2>
          <div
            class="flex flex-col gap-6"
          >
            <div
              class="border border-[rgba(19,19,46,0.1)] bg-white rounded-xl overflow-hidden"
            >
              <button
                aria-controls="faq-answer-funding"
                aria-expanded="false"
                class="w-full flex items-center gap-8 text-left px-8 py-6 transition-colors hover:bg-gray-50"
                type="button"
              >
                <span
                  class="text-[18px] font-semibold leading-[125%] text-[#13132E] flex-grow"
                >
                  Can I just apply for funding?
                </span>
                <svg
                  class="flex-shrink-0 transition-transform "
                  fill="none"
                  height="17"
                  viewBox="0 0 16 17"
                  width="16"
                  xmlns="http://www.w3.org/2000/svg"
                >
                  <path
                    d="M0 8.5H16M8 0.5L8 16.5"
                    stroke="#001133"
                    stroke-width="2"
                  />
                </svg>
              </button>
            </div>
            <div
              class="border border-[rgba(19,19,46,0.1)] bg-white rounded-xl overflow-hidden"
            >
              <button
                aria-controls="faq-answer-bluedot"
                aria-expanded="false"
                class="w-full flex items-center gap-8 text-left px-8 py-6 transition-colors hover:bg-gray-50"
                type="button"
              >
                <span
                  class="text-[18px] font-semibold leading-[125%] text-[#13132E] flex-grow"
                >
                  Who is BlueDot Impact?
                </span>
                <svg
                  class="flex-shrink-0 transition-transform "
                  fill="none"
                  height="17"
                  viewBox="0 0 16 17"
                  width="16"
                  xmlns="http://www.w3.org/2000/svg"
                >
                  <path
                    d="M0 8.5H16M8 0.5L8 16.5"
                    stroke="#001133"
                    stroke-width="2"
                  />
                </svg>
              </button>
            </div>
          </div>
        </div>
      </div>
    </section>
    <div
      class="agi-strategy-lander__banner flex flex-col items-center justify-center w-full py-16 px-12 gap-8 text-center bg-gradient-to-b from-white to-[#ECF0FF] -mt-px"
    >
      <h3
        class="bluedot-h3 not-prose agi-strategy-lander__banner-title max-w-[480px] font-semibold text-size-lg leading-tight text-[#13132E]"
      >
        Don't wait until the world's even more crazy. Start making an impact today.
      </h3>
      <a
        class="cta-button flex items-center justify-center whitespace-nowrap cursor-pointer not-prose disabled:opacity-50 disabled:pointer-events-none aria-disabled:opacity-50 aria-disabled:pointer-events-none cta-button--primary link-on-dark agi-strategy-lander__banner-cta w-auto h-11 px-5 py-3 text-[14px] font-medium rounded-md bg-[#2244BB] text-white hover:bg-[#1a3399] focus:bg-[#1a3399] transition-colors duration-200 lg:h-[3.125rem] lg:text-[16px]"
        href="https://web.miniextensions.com/9Kuya4AzFGWgayC3gQaX?utm_source=website_lander"
        tabindex="0"
      >
        Apply now
      </a>
    </div>
  </div>
</div>
`;
