// Vitest Snapshot v1, https://vitest.dev/guide/snapshot.html

exports[`FreeTextResponse > renders default as expected 1`] = `
<div>
  <form
    class="container-lined bg-white p-8 flex flex-col gap-6"
  >
    <div
      class="flex flex-col gap-4"
    >
      <span
        class="tag inline-flex items-center px-4 py-2 text-xs font-semibold w-fit !text-bluedot-normal bg-[#E5EDFE] rounded-sm uppercase"
        role="status"
      >
        Think it through
      </span>
      <div
        class="flex flex-col gap-2"
      >
        <p
          class="bluedot-h4 not-prose"
        >
          Understanding LLMs
        </p>
        <div
          class="markdown-extended-renderer prose prose-p:text-[16px] prose-li:text-[16px] prose-p:leading-[160%] prose-li:leading-[160%] prose-p:tracking-[-0.002em] prose-li:tracking-[-0.002em] prose-p:font-normal prose-li:font-normal prose-p:font-sans prose-li:font-sans prose-strong:font-sans prose-strong:font-semibold prose-strong:text-[16px] prose-strong:leading-[160%] prose-strong:tracking-[-0.002em] max-w-none"
        />
      </div>
    </div>
    <div
      class="flex flex-col relative"
    >
      <div
        class="relative w-full overflow-hidden rounded-[10px] z-[1]"
      >
        <textarea
          aria-label="Writing exercise: Understanding LLMs"
          aria-required="false"
          class="box-border w-full min-h-[140px] bg-white rounded-[10px] px-6 py-5 font-normal text-[15px] leading-[160%] tracking-[-0.002em] text-[#13132E] resize-y outline-none transition-all duration-200 block border-[0.5px] border-[rgba(19,19,46,0.25)] focus:border-[1.25px] focus:border-[#1641D9] focus:shadow-[0px_0px_10px_rgba(34,68,187,0.3)] disabled:cursor-not-allowed disabled:opacity-60 [&::-webkit-resizer]:hidden"
          disabled=""
          name="answer"
          placeholder="Create an account to save your answers"
        />
        <div
          class="drag-notches absolute w-[15px] h-[14px] right-2 bottom-2 pointer-events-none z-[2]"
        >
          <svg
            fill="none"
            height="14"
            viewBox="0 0 15 14"
            width="15"
            xmlns="http://www.w3.org/2000/svg"
          >
            <g
              clip-path="url(#clip0_910_4280)"
              opacity="0.6"
            >
              <path
                d="M11.875 7L7.5 11.375"
                stroke="#13132E"
                stroke-linecap="round"
                stroke-linejoin="round"
              />
              <path
                d="M11 2.1875L2.6875 10.5"
                stroke="#13132E"
                stroke-linecap="round"
                stroke-linejoin="round"
              />
            </g>
            <defs>
              <clippath
                id="clip0_910_4280"
              >
                <rect
                  fill="white"
                  height="14"
                  transform="translate(0.5)"
                  width="14"
                />
              </clippath>
            </defs>
          </svg>
        </div>
      </div>
    </div>
    <a
      class="cta-button flex items-center justify-center transition-all duration-200 w-fit whitespace-nowrap cursor-pointer not-prose text-sm px-4 py-3 rounded-sm font-[650] cta-button--primary bg-bluedot-normal link-on-dark"
      href="http://localhost:3000/login?register=true&redirect_to=%2Ftest-path"
      tabindex="0"
    >
      <span
        class="cta-button__text"
      >
        Create a free account to save your answers
      </span>
      <span
        class="cta-button__chevron ml-3"
      >
        <svg
          class="cta-button__chevron-icon size-2"
          fill="currentColor"
          height="1em"
          stroke="currentColor"
          stroke-width="0"
          viewBox="0 0 320 512"
          width="1em"
          xmlns="http://www.w3.org/2000/svg"
        >
          <path
            d="M310.6 233.4c12.5 12.5 12.5 32.8 0 45.3l-192 192c-12.5 12.5-32.8 12.5-45.3 0s-12.5-32.8 0-45.3L242.7 256 73.4 86.6c-12.5-12.5-12.5-32.8 0-45.3s32.8-12.5 45.3 0l192 192z"
          />
        </svg>
      </span>
    </a>
  </form>
</div>
`;

exports[`FreeTextResponse > renders logged in as expected 1`] = `
<div>
  <form
    class="container-lined bg-white p-8 flex flex-col gap-6"
  >
    <div
      class="flex flex-col gap-4"
    >
      <span
        class="tag inline-flex items-center px-4 py-2 text-xs font-semibold w-fit !text-bluedot-normal bg-[#E5EDFE] rounded-sm uppercase"
        role="status"
      >
        Think it through
      </span>
      <div
        class="flex flex-col gap-2"
      >
        <p
          class="bluedot-h4 not-prose"
        >
          Understanding LLMs
        </p>
        <div
          class="markdown-extended-renderer prose prose-p:text-[16px] prose-li:text-[16px] prose-p:leading-[160%] prose-li:leading-[160%] prose-p:tracking-[-0.002em] prose-li:tracking-[-0.002em] prose-p:font-normal prose-li:font-normal prose-p:font-sans prose-li:font-sans prose-strong:font-sans prose-strong:font-semibold prose-strong:text-[16px] prose-strong:leading-[160%] prose-strong:tracking-[-0.002em] max-w-none"
        />
      </div>
    </div>
    <div
      class="flex flex-col relative"
    >
      <div
        class="relative w-full overflow-hidden rounded-[10px] z-[1]"
      >
        <textarea
          aria-describedby="save-status-message"
          aria-label="Writing exercise: Understanding LLMs"
          aria-required="false"
          class="box-border w-full min-h-[140px] bg-white rounded-[10px] px-6 py-5 font-normal text-[15px] leading-[160%] tracking-[-0.002em] text-[#13132E] resize-y outline-none transition-all duration-200 block border-[0.5px] border-[rgba(19,19,46,0.25)] focus:border-[1.25px] focus:border-[#1641D9] focus:shadow-[0px_0px_10px_rgba(34,68,187,0.3)] disabled:cursor-not-allowed disabled:opacity-60 [&::-webkit-resizer]:hidden"
          name="answer"
          placeholder="Enter your answer here"
        />
        <div
          class="drag-notches absolute w-[15px] h-[14px] right-2 bottom-2 pointer-events-none z-[2]"
        >
          <svg
            fill="none"
            height="14"
            viewBox="0 0 15 14"
            width="15"
            xmlns="http://www.w3.org/2000/svg"
          >
            <g
              clip-path="url(#clip0_910_4280)"
              opacity="0.6"
            >
              <path
                d="M11.875 7L7.5 11.375"
                stroke="#13132E"
                stroke-linecap="round"
                stroke-linejoin="round"
              />
              <path
                d="M11 2.1875L2.6875 10.5"
                stroke="#13132E"
                stroke-linecap="round"
                stroke-linejoin="round"
              />
            </g>
            <defs>
              <clippath
                id="clip0_910_4280"
              >
                <rect
                  fill="white"
                  height="14"
                  transform="translate(0.5)"
                  width="14"
                />
              </clippath>
            </defs>
          </svg>
        </div>
      </div>
    </div>
  </form>
</div>
`;

exports[`FreeTextResponse > renders with saved exercise response 1`] = `
<div>
  <form
    class="container-lined bg-white p-8 flex flex-col gap-6"
  >
    <div
      class="flex flex-col gap-4"
    >
      <span
        class="tag inline-flex items-center px-4 py-2 text-xs font-semibold w-fit !text-bluedot-normal bg-[#E5EDFE] rounded-sm uppercase"
        role="status"
      >
        Think it through
      </span>
      <div
        class="flex flex-col gap-2"
      >
        <p
          class="bluedot-h4 not-prose"
        >
          Understanding LLMs
        </p>
        <div
          class="markdown-extended-renderer prose prose-p:text-[16px] prose-li:text-[16px] prose-p:leading-[160%] prose-li:leading-[160%] prose-p:tracking-[-0.002em] prose-li:tracking-[-0.002em] prose-p:font-normal prose-li:font-normal prose-p:font-sans prose-li:font-sans prose-strong:font-sans prose-strong:font-semibold prose-strong:text-[16px] prose-strong:leading-[160%] prose-strong:tracking-[-0.002em] max-w-none"
        />
      </div>
    </div>
    <div
      class="flex flex-col relative"
    >
      <div
        class="relative w-full overflow-hidden rounded-[10px] z-[1]"
      >
        <textarea
          aria-describedby="save-status-message"
          aria-label="Writing exercise: Understanding LLMs"
          aria-required="false"
          class="box-border w-full min-h-[140px] bg-white rounded-[10px] px-6 py-5 font-normal text-[15px] leading-[160%] tracking-[-0.002em] text-[#13132E] resize-y outline-none transition-all duration-200 block border-[0.5px] border-[rgba(19,19,46,0.25)] focus:border-[1.25px] focus:border-[#1641D9] focus:shadow-[0px_0px_10px_rgba(34,68,187,0.3)] disabled:cursor-not-allowed disabled:opacity-60 [&::-webkit-resizer]:hidden"
          name="answer"
          placeholder="Enter your answer here"
        />
        <div
          class="drag-notches absolute w-[15px] h-[14px] right-2 bottom-2 pointer-events-none z-[2]"
        >
          <svg
            fill="none"
            height="14"
            viewBox="0 0 15 14"
            width="15"
            xmlns="http://www.w3.org/2000/svg"
          >
            <g
              clip-path="url(#clip0_910_4280)"
              opacity="0.6"
            >
              <path
                d="M11.875 7L7.5 11.375"
                stroke="#13132E"
                stroke-linecap="round"
                stroke-linejoin="round"
              />
              <path
                d="M11 2.1875L2.6875 10.5"
                stroke="#13132E"
                stroke-linecap="round"
                stroke-linejoin="round"
              />
            </g>
            <defs>
              <clippath
                id="clip0_910_4280"
              >
                <rect
                  fill="white"
                  height="14"
                  transform="translate(0.5)"
                  width="14"
                />
              </clippath>
            </defs>
          </svg>
        </div>
      </div>
    </div>
  </form>
</div>
`;
