// Vitest Snapshot v1, https://vitest.dev/guide/snapshot.html

exports[`UnitFeedback > should render correctly 1`] = `
<div>
  <form
    class="unit-feedback container-lined bg-white p-8 flex flex-col gap-6 mt-6"
  >
    <div
      class="unit-feedback__header flex flex-col gap-4"
    >
      <h4
        class="bluedot-h4"
      >
        How did you like this unit?
      </h4>
      <p
        class="bluedot-p"
      >
        We constantly try to get better and need your feedback to improve the course. It only takes 
        <u>
          1 min
        </u>
         to share your learning experience with us.
      </p>
    </div>
    <div
      class="star-rating flex -mx-2"
    >
      <button
        aria-label="Rate 1 star"
        aria-pressed="false"
        class="star-rating__star cursor-pointer h-10 w-14 px-2 hover:scale-125 active:scale-110 transition-all"
        type="button"
      >
        <svg
          fill="none"
          viewBox="0 0 39 37"
          xmlns="http://www.w3.org/2000/svg"
        >
          <path
            d="M24.4794 11.4922C24.7341 12.008 25.1966 12.3851 25.744 12.5352L25.9833 12.585L37.2802 14.2363L29.1073 22.1963C28.665 22.6271 28.4482 23.2364 28.5145 23.8457L28.5321 23.9678L30.4608 35.2119L20.3593 29.8994C19.813 29.6123 19.167 29.5944 18.6083 29.8457L18.4979 29.8994L8.39636 35.2119L10.3251 23.9678C10.4364 23.3187 10.2216 22.6558 9.74988 22.1963L1.57703 14.2363L12.8739 12.585C13.5243 12.4898 14.0867 12.0816 14.3778 11.4922L19.4286 1.25879L24.4794 11.4922Z"
            fill="transparent"
            stroke="#FFAE36"
            stroke-linecap="round"
            stroke-linejoin="round"
            stroke-width="2"
            style="transition: fill 0.1s ease-in-out;"
          />
        </svg>
      </button>
      <button
        aria-label="Rate 2 stars"
        aria-pressed="false"
        class="star-rating__star cursor-pointer h-10 w-14 px-2 hover:scale-125 active:scale-110 transition-all"
        type="button"
      >
        <svg
          fill="none"
          viewBox="0 0 39 37"
          xmlns="http://www.w3.org/2000/svg"
        >
          <path
            d="M24.4794 11.4922C24.7341 12.008 25.1966 12.3851 25.744 12.5352L25.9833 12.585L37.2802 14.2363L29.1073 22.1963C28.665 22.6271 28.4482 23.2364 28.5145 23.8457L28.5321 23.9678L30.4608 35.2119L20.3593 29.8994C19.813 29.6123 19.167 29.5944 18.6083 29.8457L18.4979 29.8994L8.39636 35.2119L10.3251 23.9678C10.4364 23.3187 10.2216 22.6558 9.74988 22.1963L1.57703 14.2363L12.8739 12.585C13.5243 12.4898 14.0867 12.0816 14.3778 11.4922L19.4286 1.25879L24.4794 11.4922Z"
            fill="transparent"
            stroke="#FFAE36"
            stroke-linecap="round"
            stroke-linejoin="round"
            stroke-width="2"
            style="transition: fill 0.1s ease-in-out;"
          />
        </svg>
      </button>
      <button
        aria-label="Rate 3 stars"
        aria-pressed="false"
        class="star-rating__star cursor-pointer h-10 w-14 px-2 hover:scale-125 active:scale-110 transition-all"
        type="button"
      >
        <svg
          fill="none"
          viewBox="0 0 39 37"
          xmlns="http://www.w3.org/2000/svg"
        >
          <path
            d="M24.4794 11.4922C24.7341 12.008 25.1966 12.3851 25.744 12.5352L25.9833 12.585L37.2802 14.2363L29.1073 22.1963C28.665 22.6271 28.4482 23.2364 28.5145 23.8457L28.5321 23.9678L30.4608 35.2119L20.3593 29.8994C19.813 29.6123 19.167 29.5944 18.6083 29.8457L18.4979 29.8994L8.39636 35.2119L10.3251 23.9678C10.4364 23.3187 10.2216 22.6558 9.74988 22.1963L1.57703 14.2363L12.8739 12.585C13.5243 12.4898 14.0867 12.0816 14.3778 11.4922L19.4286 1.25879L24.4794 11.4922Z"
            fill="transparent"
            stroke="#FFAE36"
            stroke-linecap="round"
            stroke-linejoin="round"
            stroke-width="2"
            style="transition: fill 0.1s ease-in-out;"
          />
        </svg>
      </button>
      <button
        aria-label="Rate 4 stars"
        aria-pressed="false"
        class="star-rating__star cursor-pointer h-10 w-14 px-2 hover:scale-125 active:scale-110 transition-all"
        type="button"
      >
        <svg
          fill="none"
          viewBox="0 0 39 37"
          xmlns="http://www.w3.org/2000/svg"
        >
          <path
            d="M24.4794 11.4922C24.7341 12.008 25.1966 12.3851 25.744 12.5352L25.9833 12.585L37.2802 14.2363L29.1073 22.1963C28.665 22.6271 28.4482 23.2364 28.5145 23.8457L28.5321 23.9678L30.4608 35.2119L20.3593 29.8994C19.813 29.6123 19.167 29.5944 18.6083 29.8457L18.4979 29.8994L8.39636 35.2119L10.3251 23.9678C10.4364 23.3187 10.2216 22.6558 9.74988 22.1963L1.57703 14.2363L12.8739 12.585C13.5243 12.4898 14.0867 12.0816 14.3778 11.4922L19.4286 1.25879L24.4794 11.4922Z"
            fill="transparent"
            stroke="#FFAE36"
            stroke-linecap="round"
            stroke-linejoin="round"
            stroke-width="2"
            style="transition: fill 0.1s ease-in-out;"
          />
        </svg>
      </button>
      <button
        aria-label="Rate 5 stars"
        aria-pressed="false"
        class="star-rating__star cursor-pointer h-10 w-14 px-2 hover:scale-125 active:scale-110 transition-all"
        type="button"
      >
        <svg
          fill="none"
          viewBox="0 0 39 37"
          xmlns="http://www.w3.org/2000/svg"
        >
          <path
            d="M24.4794 11.4922C24.7341 12.008 25.1966 12.3851 25.744 12.5352L25.9833 12.585L37.2802 14.2363L29.1073 22.1963C28.665 22.6271 28.4482 23.2364 28.5145 23.8457L28.5321 23.9678L30.4608 35.2119L20.3593 29.8994C19.813 29.6123 19.167 29.5944 18.6083 29.8457L18.4979 29.8994L8.39636 35.2119L10.3251 23.9678C10.4364 23.3187 10.2216 22.6558 9.74988 22.1963L1.57703 14.2363L12.8739 12.585C13.5243 12.4898 14.0867 12.0816 14.3778 11.4922L19.4286 1.25879L24.4794 11.4922Z"
            fill="transparent"
            stroke="#FFAE36"
            stroke-linecap="round"
            stroke-linejoin="round"
            stroke-width="2"
            style="transition: fill 0.1s ease-in-out;"
          />
        </svg>
      </button>
    </div>
    <div
      class="unit-feedback__free-response-section flex flex-col gap-4"
    >
      <h4
        class="bluedot-h4 unit-feedback__textarea-label text-size-sm"
      >
        Do you have any other feedback on this unit?
         
        <span
          class="font-normal"
        >
          (optional)
        </span>
      </h4>
      <textarea
        class="unit-feedback__textarea container-lined p-4"
        placeholder="• What would have made this unit more valuable to you?
• What aspects did you find most challenging?
• What aspects did you find particularly useful?"
        rows="3"
      />
    </div>
    <button
      class="cta-button flex items-center justify-center rounded-sm transition-all duration-200 text-sm px-4 py-3 w-fit font-[650] whitespace-nowrap cta-button--primary bg-bluedot-normal link-on-dark unit-feedback__submit self-start"
      data-testid="cta-button"
      type="submit"
    >
      <span
        class="cta-button__text"
      >
        Send feedback
      </span>
    </button>
  </form>
</div>
`;
