// Vitest Snapshot v1, https://vitest.dev/guide/snapshot.html

exports[`Error404Page > should render correctly 1`] = `
<div>
  <div>
    <div
      class="hero-section bg-bluedot-darker flex flex-row justify-center items-center w-full px-spacing-x 404__hero overflow-hidden"
    >
      <div
        class="hero-section__content max-w-[865px] mt-[82px] py-16"
      >
        <div
          class="404__animation-container w-[400px] max-w-[80vw] aspect-2/1 shadow-[0_0_120px_120px_#011664]"
        >
          <div
            class=""
            style="width: 100%; height: 100%;"
          >
            <canvas
              style="vertical-align: top; width: 0px; height: 0px;"
            />
          </div>
        </div>
        <h2
          class="hero-section__subtitle text-on-dark text-2xl font-[400] text-center mt-4"
        >
          Sorry, this page does not exist.
        </h2>
      </div>
    </div>
    <div
      class="breadcrumbs border-b border-color-divider w-full py-space-between"
    >
      <nav
        aria-label="Breadcrumbs"
        class="breadcrumbs__nav section-base"
      >
        <ol
          class="breadcrumbs__list flex"
        >
          <li
            class="breadcrumbs__item flex items-center"
          >
            <a
              class="breadcrumbs__link"
              href="/"
            >
              Home
            </a>
            <span
              class="breadcrumbs__separator mx-2"
            >
              &gt;
            </span>
          </li>
          <li
            class="breadcrumbs__item flex items-center"
          >
            <a
              class="breadcrumbs__link"
              href="/an-invalid-path"
            >
              Error 404
            </a>
          </li>
        </ol>
      </nav>
    </div>
  </div>
</div>
`;
