// Vitest Snapshot v1, https://vitest.dev/guide/snapshot.html

exports[`TestimonialSection > renders as expected 1`] = `
<div>
  <div
    class="section w-full max-w-max-width min-w-min-width mx-auto overflow-y-scroll md:px-gutter px-gutter-sm my-8"
  >
    <div
      class="section__title-container flex justify-between items-center gap-4"
    >
      <div
        class="section__content flex-1"
      />
    </div>
    <div
      class="section__body"
    >
      <section
        class="slide-list w-full"
      >
        <div
          class="slide-list__header flex justify-between items-start mb-8"
        >
          <div
            class="slide-list__header-content"
          >
            <h2
              class="slide-list__title text-4xl font-bold text-bluedot-darker"
            >
              What our graduates say
            </h2>
          </div>
        </div>
        <div
          class="slide-list__content flex gap-2 justify-center"
        >
          <div
            class="slide-list__container relative overflow-hidden flex-shrink-0"
            style="width: 100%;"
          >
            <div
              class="slide-list__track flex transition-transform duration-300 ease-in-out pb-8"
              style="transform: translateX(-0%);"
            >
              <div
                class="slide-list__track-item w-full flex-shrink-0 flex gap-2 gap-8"
              >
                <div
                  class="slide-list__item flex-1"
                >
                  <div
                    class="size-full"
                  >
                    <div
                      class="testimonial flex flex-col h-full border rounded-lg p-8"
                    >
                      <blockquote
                        class="testimonial__quote text-lg text-bluedot-darker mb-8 flex-grow text-center"
                      >
                        "
                        This was the most positively impactful course I've ever taken (unless you count the high school class in which I got to know my husband!), as it gave me the background to engage with the AI safety and governance communities. I don't know how I would have gotten up to speed otherwise, and it opened the door to pretty much everything I've done professionally for the past couple years.
                        "
                      </blockquote>
                      <div
                        class="testimonial__footer flex items-center gap-4 mt-auto"
                      >
                        <div
                          class="testimonial__avatar size-16 rounded-full overflow-hidden flex-shrink-0"
                        >
                          <img
                            alt="Kendrea Beers"
                            class="size-full object-cover"
                            src="/images/graduates/kendrea.png"
                          />
                        </div>
                        <div
                          class="testimonial__info"
                        >
                          <div
                            class="testimonial__name font-semibold text-bluedot-black"
                          >
                            Kendrea Beers
                          </div>
                          <div
                            class="testimonial__role text-sm text-bluedot-darker"
                          >
                            Horizon Junior Fellow at the Center for Security and Emerging Technology
                          </div>
                        </div>
                      </div>
                    </div>
                  </div>
                </div>
                <div
                  class="slide-list__item flex-1"
                >
                  <div
                    class="size-full"
                  >
                    <div
                      class="testimonial flex flex-col h-full border rounded-lg p-8"
                    >
                      <blockquote
                        class="testimonial__quote text-lg text-bluedot-darker mb-8 flex-grow text-center"
                      >
                        "
                        I participated in the AISF Alignment Course last year and consider it to be the single most useful step I've taken in my career so far. I cannot recommend the program strongly enough
                        "
                      </blockquote>
                      <div
                        class="testimonial__footer flex items-center gap-4 mt-auto"
                      >
                        <div
                          class="testimonial__avatar size-16 rounded-full overflow-hidden flex-shrink-0"
                        >
                          <img
                            alt="Sarah Cogan"
                            class="size-full object-cover"
                            src="/images/graduates/sarah.png"
                          />
                        </div>
                        <div
                          class="testimonial__info"
                        >
                          <div
                            class="testimonial__name font-semibold text-bluedot-black"
                          >
                            Sarah Cogan
                          </div>
                          <div
                            class="testimonial__role text-sm text-bluedot-darker"
                          >
                            Software Engineer at Google DeepMind
                          </div>
                        </div>
                      </div>
                    </div>
                  </div>
                </div>
                <div
                  class="slide-list__item flex-1"
                >
                  <div
                    class="size-full"
                  >
                    <div
                      class="testimonial flex flex-col h-full border rounded-lg p-8"
                    >
                      <blockquote
                        class="testimonial__quote text-lg text-bluedot-darker mb-8 flex-grow text-center"
                      >
                        "
                        This course was the first step in my career in AI safety. The BlueDot course allowed me to bridge the gap between my previous career as an economist to now working in the UK Government AI Directorate. The course provided me with a great introduction to the field, and allowed me to meet some great people with whom I am still friends. I'd recommend this course to anyone!
                        "
                      </blockquote>
                      <div
                        class="testimonial__footer flex items-center gap-4 mt-auto"
                      >
                        <div
                          class="testimonial__avatar size-16 rounded-full overflow-hidden flex-shrink-0"
                        >
                          <img
                            alt="Matthew Bradbury"
                            class="size-full object-cover"
                            src="/images/graduates/matthew.png"
                          />
                        </div>
                        <div
                          class="testimonial__info"
                        >
                          <div
                            class="testimonial__name font-semibold text-bluedot-black"
                          >
                            Matthew Bradbury
                          </div>
                          <div
                            class="testimonial__role text-sm text-bluedot-darker"
                          >
                            Senior AI Risk Analyst in the UK Government
                          </div>
                        </div>
                      </div>
                    </div>
                  </div>
                </div>
              </div>
            </div>
          </div>
        </div>
      </section>
    </div>
  </div>
</div>
`;
