// Vitest Snapshot v1, https://vitest.dev/guide/snapshot.html

exports[`CultureSection > renders default as expected 1`] = `
<div>
  <section
    class="section section-body culture-section"
  >
    <div
      class="section__body"
    >
      <div
        class="culture-section__container flex lg:flex-row flex-col gap-space-between"
      >
        <div
          class="culture-section__text-container flex flex-col gap-5 max-w-[436px]"
        >
          <div
            class="section-heading__title-container flex justify-between items-center gap-space-between mb-6"
          >
            <div
              class="section-heading__content flex-1 flex flex-col gap-2"
            >
              <h2
                class="section-heading__title relative"
              >
                Our culture
              </h2>
            </div>
          </div>
          <p>
            At BlueDot Impact, our culture is defined by high agency, rapid experimentation, and direct feedback. We move fast and iterate quickly because AI capabilities are advancing rapidly and our work is time-sensitive.
          </p>
          <p>
            But speed doesn't mean sacrificing support â€“ we invest heavily in each other's growth and wellbeing, creating an environment where ambitious, mission-driven people can do their best work.
          </p>
          <p>
            We seek exceptional people who combine a sense of urgency with the empathy to help others thrive, whether that's fellow team members or the thousands of professionals in our global community.
          </p>
        </div>
        <div
          class="culture-section__image-grid grid mt-8 grid-cols-2 gap-x-2 gap-y-4 sm:mt-0 sm:grid-cols-3 sm:gap-4"
        >
          <img
            alt="BlueDot Impact team"
            class="culture-section__image max-h-[100px] sm:max-h-[178px] w-full object-cover rounded-sm"
            src="/images/culture/culture_dewi_v1.jpeg"
          />
          <img
            alt="BlueDot Impact team"
            class="culture-section__image max-h-[100px] sm:max-h-[178px] w-full object-cover rounded-sm"
            src="/images/culture/culture_talking_v1.jpeg"
          />
          <img
            alt="BlueDot Impact team"
            class="culture-section__image max-h-[100px] sm:max-h-[178px] w-full object-cover rounded-sm"
            src="/images/culture/culture_happy_v1.jpeg"
          />
          <img
            alt="BlueDot Impact team"
            class="culture-section__image max-h-[100px] sm:max-h-[178px] w-full object-cover rounded-sm"
            src="/images/culture/culture_will_v1.jpeg"
          />
          <img
            alt="BlueDot Impact team"
            class="culture-section__image max-h-[100px] sm:max-h-[178px] w-full object-cover rounded-sm"
            src="/images/culture/culture_prod-eng_v1.jpeg"
          />
          <img
            alt="BlueDot Impact team"
            class="culture-section__image max-h-[100px] sm:max-h-[178px] w-full object-cover rounded-sm"
            src="/images/culture/culture_keyboard_v1.jpeg"
          />
        </div>
      </div>
    </div>
  </section>
</div>
`;
